
Below are clips from an interactive session in which I test various aspects of the parser.

>>> import splparser.parser

>>> splparser.parse('addtotals').print_tree()
('ROOT')
    ('STAGE')
        ('COMMAND': 'addtotals')

>>> splparser.parse('addtotals fieldname=sum').print_tree()
('ROOT')
    ('STAGE')
        ('COMMAND': 'addtotals')
            ('EQ')
                ('OPTION': 'fieldname')
                ('FIELD': 'sum')

>>> splparser.parse('addtotals fieldname=sum foobar* *baz*').print_tree()
('ROOT')
    ('STAGE')
        ('COMMAND': 'addtotals')
            ('EQ')
                ('OPTION': 'fieldname')
                ('FIELD': 'sum')
            ('FIELD': 'foobar*')
            ('FIELD': '*baz*')

>>> splparser.parse('addtotals col=t labelfield=change_name label=ALL').print_tree()
('ROOT')
    ('STAGE')
        ('COMMAND': 'addtotals')
            ('EQ')
                ('OPTION': 'col')
                ('VALUE': 't')
            ('EQ')
                ('OPTION': 'labelfield')
                ('FIELD': 'change_name')
            ('EQ')
                ('OPTION': 'label')
                ('VALUE': 'ALL')

>>> splparser.parse('addtotals col=true row=false Sessions Login 1Min Sorry').print_tree()
('ROOT')
    ('STAGE')
        ('COMMAND': 'addtotals')
            ('EQ')
                ('OPTION': 'col')
                ('VALUE': 'true')
            ('EQ')
                ('OPTION': 'row')
                ('VALUE': 'false')
            ('FIELD': 'Sessions')
            ('FIELD': 'Login')
            ('FIELD': '1Min')
            ('FIELD': 'Sorry')

>>> splparser.parse('addtotals Errors').print_tree()
('ROOT')
    ('STAGE')
        ('COMMAND': 'addtotals')
            ('FIELD': 'Errors')

