Below are clips from an interactive session in which I test various aspects of the parser.

>>> import splparser.parser

>>> splparser.parse('replace *localhost with localhost in host').print_tree()
('ROOT')
    ('STAGE')
        ('COMMAND': 'replace')
            ('WITH')
                ('VALUE': '*localhost')
                ('VALUE': 'localhost')
            ('IN')
                ('DEFAULT_FIELD': 'host')

>>> splparser.parse('replace "* localhost" with "localhost *" in host').print_tree()
('ROOT')
    ('STAGE')
        ('COMMAND': 'replace')
            ('WITH')
                ('VALUE': '"* localhost"')
                ('VALUE': '"localhost *"')
            ('IN')
                ('DEFAULT_FIELD': 'host')

>>> splparser.parse('replace aug with August in start_month end_month').print_tree()
('ROOT')
    ('STAGE')
        ('COMMAND': 'replace')
            ('WITH')
                ('VALUE': 'aug')
                ('VALUE': 'August')
            ('IN')
                ('FIELD': 'start_month')
                ('FIELD': 'end_month')

>>> splparser.parse('replace 127.0.0.1 with localhost in host').print_tree()
('ROOT')
    ('STAGE')
        ('COMMAND': 'replace')
            ('WITH')
                ('VALUE': '127.0.0.1')
                ('VALUE': 'localhost')
            ('IN')
                ('DEFAULT_FIELD': 'host')

>>> splparser.parse('replace 0 with Critical, 1 with Error in msg_level').print_tree()
('ROOT')
    ('STAGE')
        ('COMMAND': 'replace')
            ('WITH')
                ('VALUE': '0')
                ('VALUE': 'Critical')
            ('WITH')
                ('VALUE': '1')
                ('VALUE': 'Error')
            ('IN')
                ('FIELD': 'msg_level')

>>> splparser.parse('replace "" with " " in errmsg').print_tree()
('ROOT')
    ('STAGE')
        ('COMMAND': 'replace')
            ('WITH')
                ('VALUE': '""')
                ('VALUE': '" "')
            ('IN')
                ('FIELD': 'errmsg')
